// Jest Snapshot v1, https://goo.gl/fbAQLP

exports[`Should render SkillListItem correctly 1`] = `
<div
  className="skill"
>
  <div
    className="dv-id"
  >
    <h5
      className="skill-id"
    >
      3
    </h5>
  </div>
  <div
    className="dv-name-x-exp"
  >
    <div
      className="skill-name-x"
    >
      <h3
        className="skill-name"
      >
        ReactJS
      </h3>
      <button
        className="skill-x"
        onClick={[Function]}
      >
        X
      </button>
    </div>
    <div>
      <h4
        className="skill-exp"
      >
        7+ years
      </h4>
    </div>
  </div>
</div>
`;
